Command: /Users/zeenlong/.espressif/python_env/idf6.0_py3.14_env/bin/python /Users/zeenlong/.espressif/v6.0/esp-idf/tools/idf_monitor.py -p /dev/cu.usbserial-10 -b 115200 --toolchain-prefix xtensa-esp32s3-elf- --target esp32s3 --revision 0 /Users/zeenlong/Desktop/esp/atk-test/build/atk-test.elf /Users/zeenlong/Desktop/esp/atk-test/build/bootloader/bootloader.elf -m '/Users/zeenlong/.espressif/python_env/idf6.0_py3.14_env/bin/python' '/Users/zeenlong/.espressif/v6.0/esp-idf/tools/idf.py'
ESP-ROM:esp32s3-20210327
Build:Mar 27 2021
rst:0x1 (POWERON),boot:0xb (SPI_FAST_FLASH_BOOT)
SPIWP:0xee
mode:DIO, clock div:1
load:0x3fce2820,len:0x14f0
load:0x403c8700,len:0xda0
load:0x403cb700,len:0x2f58
entry 0x403c8908
[0;32mI (24) boot: ESP-IDF v6.0-dirty 2nd stage bootloader[0m
[0;32mI (25) boot: compile time Apr 24 2026 21:43:06[0m
[0;32mI (25) boot: Multicore bootloader[0m
[0;32mI (25) boot: chip revision: v0.2[0m
[0;32mI (28) boot: efuse block revision: v1.4[0m
[0;32mI (32) boot.esp32s3: Boot SPI Speed : 80MHz[0m
[0;32mI (35) boot.esp32s3: SPI Mode       : DIO[0m
[0;32mI (39) boot.esp32s3: SPI Flash Size : 2MB[0m
[0;32mI (43) boot: Enabling RNG early entropy source...[0m
[0;32mI (47) boot: Partition Table:[0m
[0;32mI (50) boot: ## Label            Usage          Type ST Offset   Length[0m
[0;32mI (56) boot:  0 nvs              WiFi data        01 02 00009000 00006000[0m
[0;32mI (63) boot:  1 phy_init         RF data          01 01 0000f000 00001000[0m
[0;32mI (69) boot:  2 factory          factory app      00 00 00010000 00100000[0m
[0;32mI (76) boot: End of partition table[0m
[0;32mI (79) esp_image: segment 0: paddr=00010020 vaddr=3c010020 size=0903ch ( 36924) map[0m
[0;32mI (93) esp_image: segment 1: paddr=00019064 vaddr=3fc90000 size=0308ch ( 12428) load[0m
[0;32mI (97) esp_image: segment 2: paddr=0001c0f8 vaddr=40374000 size=03f20h ( 16160) load[0m
[0;32mI (105) esp_image: segment 3: paddr=00020020 vaddr=42000020 size=0fe50h ( 65104) map[0m
[0;32mI (121) esp_image: segment 4: paddr=0002fe78 vaddr=40377f20 size=07ff8h ( 32760) load[0m
[0;32mI (128) esp_image: segment 5: paddr=00037e78 vaddr=50000000 size=00024h (    36) load[0m
[0;32mI (134) boot: Loaded app from partition at offset 0x10000[0m
[0;32mI (134) boot: Disabling RNG early entropy source...[0m
[0;32mI (146) cpu_start: Multicore app[0m
[0;32mI (154) cpu_start: GPIO 44 and 43 are used as console UART I/O pins[0m
[0;32mI (155) cpu_start: Pro cpu start user code[0m
[0;32mI (155) cpu_start: cpu freq: 160000000 Hz[0m
[0;32mI (157) app_init: Application information:[0m
[0;32mI (161) app_init: Project name:     atk-test[0m
[0;32mI (165) app_init: App version:      1[0m
[0;32mI (168) app_init: Compile time:     Apr 24 2026 21:43:02[0m
[0;32mI (173) app_init: ELF file SHA256:  5ab3c202a...[0m
[0;32mI (177) app_init: ESP-IDF:          v6.0-dirty[0m
[0;32mI (181) efuse_init: Min chip rev:     v0.0[0m
[0;32mI (185) efuse_init: Max chip rev:     v0.99 [0m
[0;32mI (189) efuse_init: Chip rev:         v0.2[0m
[0;32mI (193) heap_init: Initializing. RAM available for dynamic allocation:[0m
[0;32mI (199) heap_init: At 3FC93A30 len 00055CE0 (343 KiB): RAM[0m
[0;32mI (205) heap_init: At 3FCE9710 len 00005724 (21 KiB): RAM[0m
[0;32mI (210) heap_init: At 3FCF0000 len 00008000 (32 KiB): DRAM[0m
[0;32mI (215) heap_init: At 600FE000 len 00001FE8 (7 KiB): RTCRAM[0m
[0;32mI (221) spi_flash: detected chip: generic[0m
[0;32mI (224) spi_flash: flash io: dio[0m
[0;33mW (227) spi_flash: Detected size(16384k) larger than the size in the binary image header(2048k). Using the size in the binary image header.[0m
[0;32mI (240) sleep_gpio: Configure to isolate all GPIO pins in sleep state[0m
[0;32mI (246) sleep_gpio: Enable automatic switching of GPIO sleep configuration[0m
[0;32mI (253) main_task: Started on CPU0[0m
[0;32mI (273) main_task: Calling app_main()[0m
hello world!
[0;32mI (273) main_task: Returned from app_main()[0m
